// Jest Snapshot v1, https://goo.gl/fbAQLP

exports[`Add Button Component basic functionality should render with default styles 1`] = `
<div>
  <header
    class="sc-bdnxRM bwcoNp"
  >
    <img
      alt="Logo da Sallve"
      src="sallve-logo.png"
    />
  </header>
</div>
`;
