// Jest Snapshot v1, https://goo.gl/fbAQLP

exports[`Add Button Component basic functionality should render with default styles 1`] = `
<div>
  <div
    class="sc-bdnxRM fbSxoN"
  >
    <img
      alt="Icone de Sacola de compras"
      src="carry-bag.png"
    />
    <h3>
      Ops! sua sacola ainda está vazia. vem cá descobrir nossas fórmulas e escolher a sua!
    </h3>
  </div>
</div>
`;
