// Jest Snapshot v1, https://goo.gl/fbAQLP

exports[`Add Button Component basic functionality should render with default styles 1`] = `
<div>
  <button
    class="sc-bdnxRM fBvxnJ"
  >
    x
  </button>
</div>
`;
